// Jest Snapshot v1, https://goo.gl/fbAQLP

exports[`FloatedActions renders correctly 1`] = `
<div
  className="ui buttons"
>
  <div>
    No Actions
  </div>
</div>
`;
